[index-2.html]
[backblue.gif]
[fade.gif]
[index.html]
[static/css/style.css]
[writable/uploads/logo.png]
[writable/uploads/elegion_logo.png]
[img27/8113/jetbrains.jpg]
[js/api/openapif457.js]
[widgets.js]
[en_US/all.js]
[index-2.html]
[static/css/style.css]
[; path=/index.html]
[activity.set]
[widget_comments.php]
[widget_recommended.php]
[widget_post.php]
[widget_like.php]
[widget_poll.php]
[al_widget_poll.php]
[widget_community.php]
[widget_auth.php]
[widget_subscribe.php]
[ads_rotate.php]
[api/openapi.js]
[js/api/openapif457.js]
[ABCDEFGHIJKLMNOPQRSTUVWXYZabcdefghijklmnopqrstuvwxyz0123456789+/index.html]
[restserver.php]
[en_US/all.js]
[; path=/index.html]
[activity.html]
[widget_comments.html]
[widget_recommended.html]
[widget_post.html]
[widget_like.html]
[widget_poll.html]
[al_widget_poll.html]
[widget_community.html]
[widget_auth.html]
[widget_subscribe.html]
[ads_rotate.html]
[js/api/openapi_updated41d.html]
[api/openapi.html]
[ABCDEFGHIJKLMNOPQRSTUVWXYZabcdefghijklmnopqrstuvwxyz0123456789+/index.html]
[restserver.html]
[dialog/index.html]
[dialog/index.html]
